    SKEME_START 0; length=164
      SDL_VERSION VERSION_1
      CHANNEL_START 1
        INITIATE_SOUND TRIG_SF4,NOT_TRIG
          LOAD_MODIFIER MTYPE_WORK_IMMED,FMATH_LODE+WORK_GLBL_GAIN,DEFAULT_GLBL_GAIN,0
          END_SOUND
        INITIATE_SOUND TRIG_SF4,NORMAL
          LOAD_MODIFIER MTYPE_WORK_INDIRECT,FMATH_LODE+WORK_GLBL_GAIN,WORK_TIMEBASE,0
          END_SOUND
        INITIATE_SOUND TRIG_SND_ACTV11,NO_PREEMPT_TRIG
          LOAD_MODIFIER MTYPE_BLEND,BLEND_CURRENT_CHNL+BLEND_GAIN0+BLEND_FASE0,0x00,0x00
          LOAD_MODIFIER MTYPE_GAIN,IMMED_GAIN_MODIFY,SCV_FREEFORM,SCALE_6
          LOAD_MODIFIER MTYPE_WORK_IMMED,FMATH_OR+WORK_STATUS_BITS,WKSB_RUN_MASK,0
          PLAY 0,no_loop,loop_STD
          END_SOUND
      CHANNEL_START 2
        INITIATE_SOUND TRIG_SND_ACTV11,NO_PREEMPT_TRIG
          LOAD_MODIFIER MTYPE_SCATTER,SCAT_CMD_PERIOD+SCAT_CHNL1,0x00,SINTEN_OFF
          PLAY 0,no_loop,loop_STD
          END_SOUND
        INITIATE_SOUND TRIG_SF2,NORMAL
          LOAD_MODIFIER MTYPE_GAIN,IMMED_GAIN_MODIFY,0x8C,SCALE_F
          PLAY 1,no_loop,loop_STD
          END_SOUND
        INITIATE_SOUND TRIG_DIRNOW_CHNG,NORMAL
          LOAD_MODIFIER MTYPE_GAIN,IMMED_GAIN_MODIFY,0x8D,SCALE_F
          PLAY 17,no_loop,loop_STD
          END_SOUND
      CHANNEL_START 3
        INITIATE_SOUND TRIG_FACTORY_CVRESET,NORMAL
          LOAD_MODIFIER MTYPE_SNDCV,SCV_FREEFORM,25,0
          LOAD_MODIFIER MTYPE_SNDCV,0x8C,45,0
          LOAD_MODIFIER MTYPE_SNDCV,0x8D,25,0
          LOAD_MODIFIER MTYPE_SNDCV,0x8E,45,0
          LOAD_MODIFIER MTYPE_SNDCV,0x8F,45,0
          LOAD_MODIFIER MTYPE_SNDCV,0x90,25,0
          LOAD_MODIFIER MTYPE_SNDCV,0x91,25,0
          LOAD_MODIFIER MTYPE_SNDCV,0x92,45,0
          LOAD_MODIFIER MTYPE_SNDCV,0x93,20,0
          LOAD_MODIFIER MTYPE_SNDCV,0x94,10,0
          LOAD_MODIFIER MTYPE_SNDCV,0x96,45,0
          LOAD_MODIFIER MTYPE_SNDCV,0x97,252,0
          LOAD_MODIFIER MTYPE_SNDCV,0x98,1,0
          LOAD_MODIFIER MTYPE_SNDCV,0x9A,0,0
          LOAD_MODIFIER MTYPE_GAIN,IMMED_GAIN_MODIFY,0x92,SCALE_F
          PLAY 21,no_loop,loop_STD
          END_SOUND
        INITIATE_SOUND TRIG_SCAT1,NORMAL
          LOAD_MODIFIER MTYPE_GAIN,IMMED_GAIN_MODIFY,0x8E,SCALE_F
          LOAD_MODIFIER MTYPE_SCATTER,SCAT_CMD_PERIOD+SCAT_CHNL1,0x94,SINTEN_LOW
          PLAY 6,no_loop,loop_STD
          PLAY 7,loop_till_init_TRIG,loop_INVERT
          PLAY 8,no_loop,loop_STD
          LOAD_MODIFIER MTYPE_SCATTER,SCAT_CMD_PERIOD+SCAT_CHNL1,0x93,SINTEN_LOW
          END_SOUND
    SKEME_START 1; length=372
      SDL_VERSION VERSION_1
      CHANNEL_START 1
        INITIATE_SOUND TRIG_SF4,NOT_TRIG
          LOAD_MODIFIER MTYPE_WORK_IMMED,FMATH_LODE+WORK_GLBL_GAIN,DEFAULT_GLBL_GAIN,0
          END_SOUND
        INITIATE_SOUND TRIG_SF4,NORMAL
          LOAD_MODIFIER MTYPE_WORK_INDIRECT,FMATH_LODE+WORK_GLBL_GAIN,WORK_TIMEBASE,0
          END_SOUND
        INITIATE_SOUND TRIG_SND_ACTV11,NO_PREEMPT_TRIG
          LOAD_MODIFIER MTYPE_BLEND,BLEND_CURRENT_CHNL+BLEND_GAIN0+BLEND_FASE0,0x00,0x00
          LOAD_MODIFIER MTYPE_GAIN,IMMED_GAIN_MODIFY,SCV_FREEFORM,SCALE_6
          LOAD_MODIFIER MTYPE_WORK_IMMED,FMATH_OR+WORK_STATUS_BITS,WKSB_RUN_MASK,0
          PLAY 0,no_loop,loop_STD
          END_SOUND
        INITIATE_SOUND T_SPD_IDLEXIT,NORMAL
          LOAD_MODIFIER MTYPE_WORK_IMMED,FMATH_LODE+WORK_USER_0,0x01,0
          LOAD_MODIFIER MTYPE_GAIN,IMMED_GAIN_MODIFY,0x8D,SCALE_F
          PLAY 16,no_loop,loop_STD
          LOAD_MODIFIER MTYPE_GAIN,IMMED_GAIN_MODIFY,SCV_FREEFORM,SCALE_F
          PLAY 13,no_loop,loop_STD
          END_SOUND
        INITIATE_SOUND TRIG_MOVING,NOT_TRIG
          MASK_COMPARE FC 1A 01 80 
          BRANCH_TO 86; from base of 0
          LOAD_MODIFIER MTYPE_WORK_IMMED,FMATH_LODE+WORK_USER_0,0x00,0
          LOAD_MODIFIER MTYPE_GAIN,IMMED_GAIN_MODIFY,SCV_FREEFORM,SCALE_F
          PLAY 15,no_loop,loop_STD
          LOAD_MODIFIER MTYPE_GAIN,IMMED_GAIN_MODIFY,0x8F,SCALE_F
          PLAY 18,no_loop,loop_STD
          END_SOUND
        INITIATE_SOUND T_SPD_RUN,ZAP+RUN_WHILE_TRIG
          MASK_COMPARE FC 1A 01 80 
          BRANCH_TO 86; from base of 0
          LOAD_MODIFIER MTYPE_BLEND,BLEND_CURRENT_CHNL+BLEND_GAIN0+BLEND_FASE0,BLENDG_DSL_ACCEL1,BLENDF_DSL_ACCEL1
          LOAD_MODIFIER MTYPE_GAIN,IMMED_GAIN_MODIFY+0x18,SCV_FREEFORM,DITHER+LOW_DITH
          LOAD_MODIFIER MTYPE_PITCH,ANALOG_PITCH_MODIFY+WORK_NOTCH,MAXP_DIESEL,DITHERP_DIESEL
          PLAY 14,loop_till_init_TRIG,loop_INVERT
          END_SOUND
      CHANNEL_START 2
        INITIATE_SOUND TRIG_SND_ACTV11,NO_PREEMPT_TRIG
          LOAD_MODIFIER MTYPE_SCATTER,SCAT_CMD_PERIOD+SCAT_CHNL1,0x00,SINTEN_OFF
          PLAY 0,no_loop,loop_STD
          END_SOUND
        INITIATE_SOUND T_SPD_ACCEL1,NORMAL
          BRANCH_TO 130; from base of 0
          INITIATE_SOUND T_SPD_DECEL1,NORMAL
          MASK_COMPARE F8 1C 01 00 
          BRANCH_TO 138; from base of 0
          END_SOUND
        LOAD_MODIFIER MTYPE_GAIN,IMMED_GAIN_MODIFY,0x8D,SCALE_F
        PLAY 16,no_loop,loop_STD
        LOAD_MODIFIER MTYPE_WORK_INDIRECT,FMATH_LODE+WORK_USER_2,WORK_NOTCH,0
        END_SOUND
        INITIATE_SOUND TRIG_SF2,NORMAL
          LOAD_MODIFIER MTYPE_GAIN,IMMED_GAIN_MODIFY,0x8C,SCALE_F
          PLAY 1,no_loop,loop_STD
          END_SOUND
        INITIATE_SOUND TRIG_SF3,NORMAL
          MASK_COMPARE FC 1A 01 80 
          BRANCH_TO 176; from base of 0
          LOAD_MODIFIER MTYPE_GAIN,IMMED_GAIN_MODIFY,0x96,SCALE_F
          PLAY 20,loop_till_F3,loop_INVERT
          END_SOUND
        LOAD_MODIFIER MTYPE_GAIN,IMMED_GAIN_MODIFY,0x90,SCALE_F
        PLAY 9,no_loop,loop_STD
        PLAY 0,no_loop,loop_STD
        MASK_COMPARE FC 06 00 FC 
        BRANCH_TO 206; from base of 0
        LOAD_MODIFIER MTYPE_GAIN,IMMED_GAIN_MODIFY,0x91,SCALE_F
        PLAY 19,no_loop,loop_STD
        PLAY 0,no_loop,loop_STD
        MASK_COMPARE FC 06 00 FC 
        BRANCH_TO 206; from base of 0
        PLAY 19,no_loop,loop_STD
        PLAY 0,no_loop,loop_STD
        MASK_COMPARE FC 06 00 FC 
        BRANCH_TO 220; from base of 0
        LOAD_MODIFIER MTYPE_GAIN,IMMED_GAIN_MODIFY,0x92,SCALE_F
        PLAY 11,no_loop,loop_STD
        LOAD_MODIFIER MTYPE_WORK_IMMED,FMATH_LODE+WORK_USER_1,0x01,0
        END_SOUND
        INITIATE_SOUND TRIG_SF3,NOT_TRIG
          MASK_COMPARE FC 1B 01 80 
          BRANCH_TO 258; from base of 0
          MASK_COMPARE FC 06 00 FC 
          BRANCH_TO 248; from base of 0
          LOAD_MODIFIER MTYPE_GAIN,IMMED_GAIN_MODIFY,0x92,SCALE_F
          PLAY 12,no_loop,loop_STD
          PLAY 0,no_loop,loop_STD
          LOAD_MODIFIER MTYPE_GAIN,IMMED_GAIN_MODIFY,0x90,SCALE_F
          PLAY 9,no_loop,loop_STD
          LOAD_MODIFIER MTYPE_WORK_IMMED,FMATH_LODE+WORK_USER_1,0x00,0
          END_SOUND
        INITIATE_SOUND TRIG_DIRNOW_CHNG,NORMAL
          LOAD_MODIFIER MTYPE_GAIN,IMMED_GAIN_MODIFY,0x8D,SCALE_F
          PLAY 17,no_loop,loop_STD
          END_SOUND
      CHANNEL_START 3
        INITIATE_SOUND TRIG_FACTORY_CVRESET,NORMAL
          LOAD_MODIFIER MTYPE_SNDCV,SCV_FREEFORM,25,0
          LOAD_MODIFIER MTYPE_SNDCV,0x8C,45,0
          LOAD_MODIFIER MTYPE_SNDCV,0x8D,25,0
          LOAD_MODIFIER MTYPE_SNDCV,0x8E,45,0
          LOAD_MODIFIER MTYPE_SNDCV,0x8F,45,0
          LOAD_MODIFIER MTYPE_SNDCV,0x90,25,0
          LOAD_MODIFIER MTYPE_SNDCV,0x91,25,0
          LOAD_MODIFIER MTYPE_SNDCV,0x92,45,0
          LOAD_MODIFIER MTYPE_SNDCV,0x93,20,0
          LOAD_MODIFIER MTYPE_SNDCV,0x94,10,0
          LOAD_MODIFIER MTYPE_SNDCV,0x96,45,0
          LOAD_MODIFIER MTYPE_SNDCV,0x97,252,0
          LOAD_MODIFIER MTYPE_SNDCV,0x98,1,0
          LOAD_MODIFIER MTYPE_SNDCV,0x9A,0,0
          LOAD_MODIFIER MTYPE_GAIN,IMMED_GAIN_MODIFY,0x92,SCALE_F
          PLAY 21,no_loop,loop_STD
          END_SOUND
        INITIATE_SOUND TRIG_SF1,RUN_WHILE_TRIG+NO_PREEMPT_TRIG
          LOAD_MODIFIER MTYPE_GAIN,IMMED_GAIN_MODIFY,0x8C,SCALE_F
          PLAY 1,no_loop,loop_STD
          DELAY_SOUND DELAY_CV,CV=1,DELAY_GLOBAL
          END_SOUND
        INITIATE_SOUND TRIG_SCAT1,NORMAL
          LOAD_MODIFIER MTYPE_GAIN,IMMED_GAIN_MODIFY,0x8E,SCALE_F
          LOAD_MODIFIER MTYPE_SCATTER,SCAT_CMD_PERIOD+SCAT_CHNL1,0x94,SINTEN_LOW
          PLAY 6,no_loop,loop_STD
          PLAY 7,loop_till_init_TRIG,loop_INVERT
          PLAY 8,no_loop,loop_STD
          LOAD_MODIFIER MTYPE_SCATTER,SCAT_CMD_PERIOD+SCAT_CHNL1,0x93,SINTEN_LOW
          END_SOUND
    SKEME_START 2; length=352
      SDL_VERSION VERSION_1
      CHANNEL_START 1
        INITIATE_SOUND TRIG_SF4,NOT_TRIG
          LOAD_MODIFIER MTYPE_WORK_IMMED,FMATH_LODE+WORK_GLBL_GAIN,DEFAULT_GLBL_GAIN,0
          END_SOUND
        INITIATE_SOUND TRIG_SF4,NORMAL
          LOAD_MODIFIER MTYPE_WORK_INDIRECT,FMATH_LODE+WORK_GLBL_GAIN,WORK_TIMEBASE,0
          END_SOUND
        INITIATE_SOUND TRIG_SND_ACTV11,NO_PREEMPT_TRIG
          LOAD_MODIFIER MTYPE_BLEND,BLEND_CURRENT_CHNL+BLEND_GAIN0+BLEND_FASE0,0x00,0x00
          LOAD_MODIFIER MTYPE_GAIN,IMMED_GAIN_MODIFY,SCV_FREEFORM,SCALE_6
          LOAD_MODIFIER MTYPE_WORK_IMMED,FMATH_OR+WORK_STATUS_BITS,WKSB_RUN_MASK,0
          PLAY 0,no_loop,loop_STD
          END_SOUND
        INITIATE_SOUND T_SPD_IDLEXIT,NORMAL
          LOAD_MODIFIER MTYPE_WORK_IMMED,FMATH_LODE+WORK_USER_0,0x01,0
          LOAD_MODIFIER MTYPE_GAIN,IMMED_GAIN_MODIFY,0x8D,SCALE_8
          PLAY 16,no_loop,loop_STD
          LOAD_MODIFIER MTYPE_GAIN,IMMED_GAIN_MODIFY,SCV_FREEFORM,SCALE_F
          PLAY 13,no_loop,loop_STD
          END_SOUND
        INITIATE_SOUND TRIG_MOVING,NOT_TRIG
          MASK_COMPARE FC 1A 01 80 
          BRANCH_TO 86; from base of 0
          LOAD_MODIFIER MTYPE_WORK_IMMED,FMATH_LODE+WORK_USER_0,0x00,0
          LOAD_MODIFIER MTYPE_GAIN,IMMED_GAIN_MODIFY,SCV_FREEFORM,SCALE_F
          PLAY 15,no_loop,loop_STD
          LOAD_MODIFIER MTYPE_GAIN,IMMED_GAIN_MODIFY,0x8F,SCALE_F
          PLAY 18,no_loop,loop_STD
          END_SOUND
        INITIATE_SOUND T_SPD_RUN,ZAP+RUN_WHILE_TRIG
          MASK_COMPARE FC 1A 01 80 
          BRANCH_TO 86; from base of 0
          LOAD_MODIFIER MTYPE_BLEND,BLEND_CURRENT_CHNL+BLEND_GAIN0+BLEND_FASE0,BLENDG_DSL_ACCEL1,BLENDF_DSL_ACCEL1
          LOAD_MODIFIER MTYPE_GAIN,IMMED_GAIN_MODIFY+0x18,SCV_FREEFORM,DITHER+LOW_DITH
          LOAD_MODIFIER MTYPE_PITCH,ANALOG_PITCH_MODIFY+WORK_NOTCH,MAXP_DIESEL,DITHERP_DIESEL
          PLAY 14,loop_till_init_TRIG,loop_INVERT
          END_SOUND
      CHANNEL_START 2
        INITIATE_SOUND TRIG_SND_ACTV11,NO_PREEMPT_TRIG
          LOAD_MODIFIER MTYPE_SCATTER,SCAT_CMD_PERIOD+SCAT_CHNL1,0x00,SINTEN_OFF
          PLAY 0,no_loop,loop_STD
          END_SOUND
        INITIATE_SOUND T_SPD_ACCEL1,NORMAL
          BRANCH_TO 130; from base of 0
          INITIATE_SOUND T_SPD_DECEL1,NORMAL
          MASK_COMPARE F8 1C 01 00 
          BRANCH_TO 138; from base of 0
          END_SOUND
        LOAD_MODIFIER MTYPE_GAIN,IMMED_GAIN_MODIFY,0x8D,SCALE_F
        PLAY 16,no_loop,loop_STD
        LOAD_MODIFIER MTYPE_WORK_INDIRECT,FMATH_LODE+WORK_USER_2,WORK_NOTCH,0
        END_SOUND
        INITIATE_SOUND TRIG_SF2,NORMAL
          LOAD_MODIFIER MTYPE_GAIN,IMMED_GAIN_MODIFY,0x8C,SCALE_F
          PLAY 2,no_loop,loop_STD
          PLAY 3,loop_till_F2,loop_INVERT
          PLAY 4,no_loop,loop_STD
          END_SOUND
        INITIATE_SOUND TRIG_SF3,NORMAL
          MASK_COMPARE FC 1A 01 80 
          BRANCH_TO 180; from base of 0
          LOAD_MODIFIER MTYPE_GAIN,IMMED_GAIN_MODIFY,0x96,SCALE_F
          PLAY 20,loop_till_F3,loop_INVERT
          END_SOUND
        LOAD_MODIFIER MTYPE_GAIN,IMMED_GAIN_MODIFY,0x90,SCALE_F
        PLAY 10,no_loop,loop_STD
        PLAY 0,no_loop,loop_STD
        MASK_COMPARE FC 06 00 FC 
        BRANCH_TO 200; from base of 0
        LOAD_MODIFIER MTYPE_GAIN,IMMED_GAIN_MODIFY,0x92,SCALE_F
        PLAY 11,no_loop,loop_STD
        LOAD_MODIFIER MTYPE_WORK_IMMED,FMATH_LODE+WORK_USER_1,0x01,0
        END_SOUND
        INITIATE_SOUND TRIG_SF3,NOT_TRIG
          MASK_COMPARE FC 1B 01 80 
          BRANCH_TO 238; from base of 0
          MASK_COMPARE FC 06 00 FC 
          BRANCH_TO 228; from base of 0
          LOAD_MODIFIER MTYPE_GAIN,IMMED_GAIN_MODIFY,0x92,SCALE_F
          PLAY 12,no_loop,loop_STD
          PLAY 0,no_loop,loop_STD
          LOAD_MODIFIER MTYPE_GAIN,IMMED_GAIN_MODIFY,0x90,SCALE_F
          PLAY 10,no_loop,loop_STD
          LOAD_MODIFIER MTYPE_WORK_IMMED,FMATH_LODE+WORK_USER_1,0x00,0
          END_SOUND
        INITIATE_SOUND TRIG_DIRNOW_CHNG,NORMAL
          LOAD_MODIFIER MTYPE_GAIN,IMMED_GAIN_MODIFY,0x8D,SCALE_F
          PLAY 17,no_loop,loop_STD
          END_SOUND
      CHANNEL_START 3
        INITIATE_SOUND TRIG_FACTORY_CVRESET,NORMAL
          LOAD_MODIFIER MTYPE_SNDCV,SCV_FREEFORM,25,0
          LOAD_MODIFIER MTYPE_SNDCV,0x8C,45,0
          LOAD_MODIFIER MTYPE_SNDCV,0x8D,25,0
          LOAD_MODIFIER MTYPE_SNDCV,0x8E,45,0
          LOAD_MODIFIER MTYPE_SNDCV,0x8F,45,0
          LOAD_MODIFIER MTYPE_SNDCV,0x90,25,0
          LOAD_MODIFIER MTYPE_SNDCV,0x91,25,0
          LOAD_MODIFIER MTYPE_SNDCV,0x92,45,0
          LOAD_MODIFIER MTYPE_SNDCV,0x93,20,0
          LOAD_MODIFIER MTYPE_SNDCV,0x94,10,0
          LOAD_MODIFIER MTYPE_SNDCV,0x96,45,0
          LOAD_MODIFIER MTYPE_SNDCV,0x97,252,0
          LOAD_MODIFIER MTYPE_SNDCV,0x98,1,0
          LOAD_MODIFIER MTYPE_SNDCV,0x9A,0,0
          LOAD_MODIFIER MTYPE_GAIN,IMMED_GAIN_MODIFY,0x92,SCALE_F
          PLAY 21,no_loop,loop_STD
          END_SOUND
        INITIATE_SOUND TRIG_SF1,RUN_WHILE_TRIG+NO_PREEMPT_TRIG
          LOAD_MODIFIER MTYPE_GAIN,IMMED_GAIN_MODIFY,0x8C,SCALE_F
          PLAY 5,no_loop,loop_STD
          DELAY_SOUND DELAY_CV,CV=2,DELAY_GLOBAL
          END_SOUND
        INITIATE_SOUND TRIG_SCAT1,NORMAL
          LOAD_MODIFIER MTYPE_GAIN,IMMED_GAIN_MODIFY,0x8E,SCALE_F
          LOAD_MODIFIER MTYPE_SCATTER,SCAT_CMD_PERIOD+SCAT_CHNL1,0x94,SINTEN_LOW
          PLAY 6,no_loop,loop_STD
          PLAY 7,loop_till_init_TRIG,loop_INVERT
          PLAY 8,no_loop,loop_STD
          LOAD_MODIFIER MTYPE_SCATTER,SCAT_CMD_PERIOD+SCAT_CHNL1,0x93,SINTEN_LOW
          END_SOUND
    SKEME_START 3; length=292
      SDL_VERSION VERSION_1
      CHANNEL_START 1
        INITIATE_SOUND TRIG_SF4,NOT_TRIG
          LOAD_MODIFIER MTYPE_WORK_IMMED,FMATH_LODE+WORK_GLBL_GAIN,DEFAULT_GLBL_GAIN,0
          END_SOUND
        INITIATE_SOUND TRIG_SF4,NORMAL
          LOAD_MODIFIER MTYPE_WORK_INDIRECT,FMATH_LODE+WORK_GLBL_GAIN,WORK_TIMEBASE,0
          END_SOUND
        INITIATE_SOUND TRIG_SND_ACTV11,NO_PREEMPT_TRIG
          LOAD_MODIFIER MTYPE_BLEND,BLEND_CURRENT_CHNL+BLEND_GAIN0+BLEND_FASE0,0x00,0x00
          LOAD_MODIFIER MTYPE_GAIN,IMMED_GAIN_MODIFY,SCV_FREEFORM,SCALE_6
          LOAD_MODIFIER MTYPE_WORK_IMMED,FMATH_OR+WORK_STATUS_BITS,WKSB_RUN_MASK,0
          PLAY 0,no_loop,loop_STD
          END_SOUND
        INITIATE_SOUND T_SPD_IDLEXIT,NORMAL
          LOAD_MODIFIER MTYPE_WORK_IMMED,FMATH_LODE+WORK_USER_0,0x01,0
          LOAD_MODIFIER MTYPE_GAIN,IMMED_GAIN_MODIFY,0x8D,SCALE_8
          PLAY 16,no_loop,loop_STD
          LOAD_MODIFIER MTYPE_GAIN,IMMED_GAIN_MODIFY,SCV_FREEFORM,SCALE_F
          PLAY 13,no_loop,loop_STD
          END_SOUND
        INITIATE_SOUND TRIG_MOVING,NOT_TRIG
          MASK_COMPARE FC 1A 01 80 
          BRANCH_TO 86; from base of 0
          LOAD_MODIFIER MTYPE_WORK_IMMED,FMATH_LODE+WORK_USER_0,0x00,0
          LOAD_MODIFIER MTYPE_GAIN,IMMED_GAIN_MODIFY,SCV_FREEFORM,SCALE_F
          PLAY 15,no_loop,loop_STD
          LOAD_MODIFIER MTYPE_GAIN,IMMED_GAIN_MODIFY,0x8F,SCALE_F
          PLAY 18,no_loop,loop_STD
          END_SOUND
        INITIATE_SOUND T_SPD_RUN,ZAP+RUN_WHILE_TRIG
          MASK_COMPARE FC 1A 01 80 
          BRANCH_TO 86; from base of 0
          LOAD_MODIFIER MTYPE_BLEND,BLEND_CURRENT_CHNL+BLEND_GAIN0+BLEND_FASE0,BLENDG_DSL_ACCEL1,BLENDF_DSL_ACCEL1
          LOAD_MODIFIER MTYPE_GAIN,IMMED_GAIN_MODIFY+0x18,SCV_FREEFORM,DITHER+LOW_DITH
          LOAD_MODIFIER MTYPE_PITCH,ANALOG_PITCH_MODIFY+WORK_NOTCH,MAXP_DIESEL,DITHERP_DIESEL
          PLAY 14,loop_till_init_TRIG,loop_INVERT
          END_SOUND
      CHANNEL_START 2
        INITIATE_SOUND TRIG_SND_ACTV11,NO_PREEMPT_TRIG
          LOAD_MODIFIER MTYPE_SCATTER,SCAT_CMD_PERIOD+SCAT_CHNL1,0x00,SINTEN_OFF
          PLAY 0,no_loop,loop_STD
          END_SOUND
        INITIATE_SOUND T_SPD_ACCEL1,NORMAL
          BRANCH_TO 130; from base of 0
          INITIATE_SOUND T_SPD_DECEL1,NORMAL
          MASK_COMPARE F8 1C 01 00 
          BRANCH_TO 138; from base of 0
          END_SOUND
        LOAD_MODIFIER MTYPE_GAIN,IMMED_GAIN_MODIFY,0x8D,SCALE_F
        PLAY 16,no_loop,loop_STD
        LOAD_MODIFIER MTYPE_WORK_INDIRECT,FMATH_LODE+WORK_USER_2,WORK_NOTCH,0
        END_SOUND
        INITIATE_SOUND TRIG_SF2,NORMAL
          LOAD_MODIFIER MTYPE_GAIN,IMMED_GAIN_MODIFY,0x8C,SCALE_F
          PLAY 2,no_loop,loop_STD
          PLAY 3,loop_till_F2,loop_INVERT
          PLAY 4,no_loop,loop_STD
          END_SOUND
        INITIATE_SOUND TRIG_SF3,NORMAL
          MASK_COMPARE FC 1A 01 80 
          BRANCH_TO 178; from base of 0
          LOAD_MODIFIER MTYPE_GAIN,IMMED_GAIN_MODIFY,0x96,SCALE_F
          PLAY 20,loop_till_F3,loop_INVERT
          END_SOUND
        INITIATE_SOUND TRIG_DIRNOW_CHNG,NORMAL
          LOAD_MODIFIER MTYPE_GAIN,IMMED_GAIN_MODIFY,0x8D,SCALE_F
          PLAY 17,no_loop,loop_STD
          END_SOUND
      CHANNEL_START 3
        INITIATE_SOUND TRIG_FACTORY_CVRESET,NORMAL
          LOAD_MODIFIER MTYPE_SNDCV,SCV_FREEFORM,25,0
          LOAD_MODIFIER MTYPE_SNDCV,0x8C,45,0
          LOAD_MODIFIER MTYPE_SNDCV,0x8D,25,0
          LOAD_MODIFIER MTYPE_SNDCV,0x8E,45,0
          LOAD_MODIFIER MTYPE_SNDCV,0x8F,45,0
          LOAD_MODIFIER MTYPE_SNDCV,0x90,25,0
          LOAD_MODIFIER MTYPE_SNDCV,0x91,25,0
          LOAD_MODIFIER MTYPE_SNDCV,0x92,45,0
          LOAD_MODIFIER MTYPE_SNDCV,0x93,20,0
          LOAD_MODIFIER MTYPE_SNDCV,0x94,10,0
          LOAD_MODIFIER MTYPE_SNDCV,0x96,45,0
          LOAD_MODIFIER MTYPE_SNDCV,0x97,252,0
          LOAD_MODIFIER MTYPE_SNDCV,0x98,1,0
          LOAD_MODIFIER MTYPE_SNDCV,0x9A,0,0
          LOAD_MODIFIER MTYPE_GAIN,IMMED_GAIN_MODIFY,0x92,SCALE_F
          PLAY 21,no_loop,loop_STD
          END_SOUND
        INITIATE_SOUND TRIG_SF1,RUN_WHILE_TRIG+NO_PREEMPT_TRIG
          LOAD_MODIFIER MTYPE_GAIN,IMMED_GAIN_MODIFY,0x8C,SCALE_F
          PLAY 5,no_loop,loop_STD
          DELAY_SOUND DELAY_CV,CV=2,DELAY_GLOBAL
          END_SOUND
        INITIATE_SOUND TRIG_SCAT1,NORMAL
          LOAD_MODIFIER MTYPE_GAIN,IMMED_GAIN_MODIFY,0x8E,SCALE_F
          LOAD_MODIFIER MTYPE_SCATTER,SCAT_CMD_PERIOD+SCAT_CHNL1,0x94,SINTEN_LOW
          PLAY 6,no_loop,loop_STD
          PLAY 7,loop_till_init_TRIG,loop_INVERT
          PLAY 8,no_loop,loop_STD
          LOAD_MODIFIER MTYPE_SCATTER,SCAT_CMD_PERIOD+SCAT_CHNL1,0x93,SINTEN_LOW
          END_SOUND
    SKEME_START 31; length=4
